MSBuild version 18.9.1+a81b43525 for .NET Framework

  OBSGameBar.Core -> C:\Users\sayan\Documents\GitHub\obs plugin\OBSGameBar.Core\bin\Debug\netstandard2.0\OBSGameBar.Core.dll
  OBSGameBar.Tests -> C:\Users\sayan\Documents\GitHub\obs plugin\OBSGameBar.Tests\bin\Debug\net10.0\OBSGameBar.Tests.dll
C:\Program Files\Microsoft Visual Studio\18\Community\MSBuild\Current\Bin\amd64\Microsoft.Common.CurrentVersion.targets(4919,5): warning MSB3026: Could not copy "obj\x64\Debug\OBSGameBar.exe" to "bin\x64\Debug\OBSGameBar.exe". Beginning retry 1 in 1000ms. The process cannot access the file 'C:\Users\sayan\Documents\GitHub\obs plugin\OBSGameBar\bin\x64\Debug\OBSGameBar.exe' because it is being used by another process. The file is locked by: "Symbolic Debugger for Windows (18248), OBS Game Bar (21144)" [C:\Users\sayan\Documents\GitHub\obs plugin\OBSGameBar\OBSGameBar.csproj]
C:\Program Files\Microsoft Visual Studio\18\Community\MSBuild\Current\Bin\amd64\Microsoft.Common.CurrentVersion.targets(4919,5): warning MSB3026: Could not copy "obj\x64\Debug\OBSGameBar.exe" to "bin\x64\Debug\OBSGameBar.exe". Beginning retry 2 in 1000ms. The process cannot access the file 'C:\Users\sayan\Documents\GitHub\obs plugin\OBSGameBar\bin\x64\Debug\OBSGameBar.exe' because it is being used by another process. The file is locked by: "Symbolic Debugger for Windows (18248), OBS Game Bar (21144)" [C:\Users\sayan\Documents\GitHub\obs plugin\OBSGameBar\OBSGameBar.csproj]
C:\Program Files\Microsoft Visual Studio\18\Community\MSBuild\Current\Bin\amd64\Microsoft.Common.CurrentVersion.targets(4919,5): warning MSB3026: Could not copy "obj\x64\Debug\OBSGameBar.exe" to "bin\x64\Debug\OBSGameBar.exe". Beginning retry 3 in 1000ms. The process cannot access the file 'C:\Users\sayan\Documents\GitHub\obs plugin\OBSGameBar\bin\x64\Debug\OBSGameBar.exe' because it is being used by another process. The file is locked by: "Symbolic Debugger for Windows (18248), OBS Game Bar (21144)" [C:\Users\sayan\Documents\GitHub\obs plugin\OBSGameBar\OBSGameBar.csproj]
C:\Program Files\Microsoft Visual Studio\18\Community\MSBuild\Current\Bin\amd64\Microsoft.Common.CurrentVersion.targets(4919,5): warning MSB3026: Could not copy "obj\x64\Debug\OBSGameBar.exe" to "bin\x64\Debug\OBSGameBar.exe". Beginning retry 4 in 1000ms. The process cannot access the file 'C:\Users\sayan\Documents\GitHub\obs plugin\OBSGameBar\bin\x64\Debug\OBSGameBar.exe' because it is being used by another process. The file is locked by: "Symbolic Debugger for Windows (18248), OBS Game Bar (21144)" [C:\Users\sayan\Documents\GitHub\obs plugin\OBSGameBar\OBSGameBar.csproj]
C:\Program Files\Microsoft Visual Studio\18\Community\MSBuild\Current\Bin\amd64\Microsoft.Common.CurrentVersion.targets(4919,5): warning MSB3026: Could not copy "obj\x64\Debug\OBSGameBar.exe" to "bin\x64\Debug\OBSGameBar.exe". Beginning retry 5 in 1000ms. The process cannot access the file 'C:\Users\sayan\Documents\GitHub\obs plugin\OBSGameBar\bin\x64\Debug\OBSGameBar.exe' because it is being used by another process. The file is locked by: "Symbolic Debugger for Windows (18248), OBS Game Bar (21144)" [C:\Users\sayan\Documents\GitHub\obs plugin\OBSGameBar\OBSGameBar.csproj]
C:\Program Files\Microsoft Visual Studio\18\Community\MSBuild\Current\Bin\amd64\Microsoft.Common.CurrentVersion.targets(4919,5): warning MSB3026: Could not copy "obj\x64\Debug\OBSGameBar.exe" to "bin\x64\Debug\OBSGameBar.exe". Beginning retry 6 in 1000ms. The process cannot access the file 'C:\Users\sayan\Documents\GitHub\obs plugin\OBSGameBar\bin\x64\Debug\OBSGameBar.exe' because it is being used by another process. The file is locked by: "Symbolic Debugger for Windows (18248), OBS Game Bar (21144)" [C:\Users\sayan\Documents\GitHub\obs plugin\OBSGameBar\OBSGameBar.csproj]
C:\Program Files\Microsoft Visual Studio\18\Community\MSBuild\Current\Bin\amd64\Microsoft.Common.CurrentVersion.targets(4919,5): warning MSB3026: Could not copy "obj\x64\Debug\OBSGameBar.exe" to "bin\x64\Debug\OBSGameBar.exe". Beginning retry 7 in 1000ms. The process cannot access the file 'C:\Users\sayan\Documents\GitHub\obs plugin\OBSGameBar\bin\x64\Debug\OBSGameBar.exe' because it is being used by another process. The file is locked by: "Symbolic Debugger for Windows (18248), OBS Game Bar (21144)" [C:\Users\sayan\Documents\GitHub\obs plugin\OBSGameBar\OBSGameBar.csproj]
C:\Program Files\Microsoft Visual Studio\18\Community\MSBuild\Current\Bin\amd64\Microsoft.Common.CurrentVersion.targets(4919,5): warning MSB3026: Could not copy "obj\x64\Debug\OBSGameBar.exe" to "bin\x64\Debug\OBSGameBar.exe". Beginning retry 8 in 1000ms. The process cannot access the file 'C:\Users\sayan\Documents\GitHub\obs plugin\OBSGameBar\bin\x64\Debug\OBSGameBar.exe' because it is being used by another process. The file is locked by: "Symbolic Debugger for Windows (18248), OBS Game Bar (21144)" [C:\Users\sayan\Documents\GitHub\obs plugin\OBSGameBar\OBSGameBar.csproj]
C:\Program Files\Microsoft Visual Studio\18\Community\MSBuild\Current\Bin\amd64\Microsoft.Common.CurrentVersion.targets(4919,5): warning MSB3026: Could not copy "obj\x64\Debug\OBSGameBar.exe" to "bin\x64\Debug\OBSGameBar.exe". Beginning retry 9 in 1000ms. The process cannot access the file 'C:\Users\sayan\Documents\GitHub\obs plugin\OBSGameBar\bin\x64\Debug\OBSGameBar.exe' because it is being used by another process. The file is locked by: "Symbolic Debugger for Windows (18248), OBS Game Bar (21144)" [C:\Users\sayan\Documents\GitHub\obs plugin\OBSGameBar\OBSGameBar.csproj]
C:\Program Files\Microsoft Visual Studio\18\Community\MSBuild\Current\Bin\amd64\Microsoft.Common.CurrentVersion.targets(4919,5): warning MSB3026: Could not copy "obj\x64\Debug\OBSGameBar.exe" to "bin\x64\Debug\OBSGameBar.exe". Beginning retry 10 in 1000ms. The process cannot access the file 'C:\Users\sayan\Documents\GitHub\obs plugin\OBSGameBar\bin\x64\Debug\OBSGameBar.exe' because it is being used by another process. The file is locked by: "Symbolic Debugger for Windows (18248), OBS Game Bar (21144)" [C:\Users\sayan\Documents\GitHub\obs plugin\OBSGameBar\OBSGameBar.csproj]
C:\Program Files\Microsoft Visual Studio\18\Community\MSBuild\Current\Bin\amd64\Microsoft.Common.CurrentVersion.targets(4919,5): error MSB3027: Could not copy "obj\x64\Debug\OBSGameBar.exe" to "bin\x64\Debug\OBSGameBar.exe". Exceeded retry count of 10. Failed. The file is locked by: "Symbolic Debugger for Windows (18248), OBS Game Bar (21144)" [C:\Users\sayan\Documents\GitHub\obs plugin\OBSGameBar\OBSGameBar.csproj]
C:\Program Files\Microsoft Visual Studio\18\Community\MSBuild\Current\Bin\amd64\Microsoft.Common.CurrentVersion.targets(4919,5): error MSB3021: Unable to copy file "obj\x64\Debug\OBSGameBar.exe" to "bin\x64\Debug\OBSGameBar.exe". The process cannot access the file 'C:\Users\sayan\Documents\GitHub\obs plugin\OBSGameBar\bin\x64\Debug\OBSGameBar.exe' because it is being used by another process. [C:\Users\sayan\Documents\GitHub\obs plugin\OBSGameBar\OBSGameBar.csproj]
